// Jest Snapshot v1, https://goo.gl/fbAQLP

exports[`it works 1`] = `
Array [
  <div
    className="nav_bar"
  >
    <a
      href="#/"
      onClick={[Function]}
    >
      <i
        aria-hidden="true"
        className="fa fa-angle-left nav_buttons"
      />
    </a>
    <span
      className="nav_header"
    >
      COVID cases per country
    </span>
    <i
      aria-hidden="true"
      className="fa fa-microphone microphone_button"
    />
    <i
      aria-hidden="true"
      className="fa fa-gear nav_buttons"
    />
  </div>,
  <div
    className="details_container"
  >
    <div>
      <h1
        className="description_header"
      >
        undefined's Covid Data
      </h1>
    </div>
    <img
      alt="country flag"
      className="country_flag"
      src="https://countryflagsapi.com/png/undefined"
    />
    <div>
      <h1>
        ***Loading***
      </h1>
    </div>
  </div>,
]
`;
